Microsoft Windows [Version 10.0.16299.98]
(c) 2017 Microsoft Corporation. All rights reserved.

E:\Code\firebasecli\firebase-cloud-functions>cd myCloudFunction

E:\Code\firebasecli\firebase-cloud-functions\myCloudFunction>firebase login
Already logged in as pritamkhose1@gmail.com


E:\Code\firebasecli\firebase-cloud-functions\node-pritam>npm i -g firebase-tools
npm WARN deprecated request@2.88.2: request has been deprecated, see https://github.com/request/request/issues/3142
npm WARN deprecated har-validator@5.1.5: this library is no longer supported
C:\Users\Pritam\AppData\Roaming\npm\firebase -> C:\Users\Pritam\AppData\Roaming\npm\node_modules\firebase-tools\lib\bin\firebase.js
npm WARN optional SKIPPING OPTIONAL DEPENDENCY: fsevents@~2.1.2 (node_modules\firebase-tools\node_modules\chokidar\node_modules\fsevents):
npm WARN notsup SKIPPING OPTIONAL DEPENDENCY: Unsupported platform for fsevents@2.1.3: wanted {"os":"darwin","arch":"any"} (current: {"os":"win32","arch":"x64"})

+ firebase-tools@8.9.0
updated 1 package in 50.119s

E:\Code\firebasecli\firebase-cloud-functions\node-pritam>firebase init

     ######## #### ########  ######## ########     ###     ######  ########
     ##        ##  ##     ## ##       ##     ##  ##   ##  ##       ##
     ######    ##  ########  ######   ########  #########  ######  ######
     ##        ##  ##    ##  ##       ##     ## ##     ##       ## ##
     ##       #### ##     ## ######## ########  ##     ##  ######  ########

You're about to initialize a Firebase project in this directory:

  E:\Code\firebasecli\firebase-cloud-functions\node-pritam

? Are you ready to proceed? Yes
? Which Firebase CLI features do you want to set up for this folder? Press Space to select features, then Enter to confirm your choices. Functions: Configure and deploy Cloud Functions

=== Project Setup

First, let's associate this project directory with a Firebase project.
You can create multiple project aliases by running firebase use --add,
but for now we'll just set up a default project.

? Please select an option: Use an existing project
? Select a default Firebase project for this directory: node-pritam (node)
i  Using project node-pritam (node)

=== Functions Setup

A functions directory will be created in your project with a Node.js
package pre-configured. Functions can be deployed with firebase deploy.

? What language would you like to use to write Cloud Functions? JavaScript
? Do you want to use ESLint to catch probable bugs and enforce style? Yes
+  Wrote functions/package.json
+  Wrote functions/.eslintrc.json
+  Wrote functions/index.js
+  Wrote functions/.gitignore
? Do you want to install dependencies with npm now? Yes

> protobufjs@6.10.1 postinstall E:\Code\firebasecli\firebase-cloud-functions\node-pritam\functions\node_modules\protobufjs
> node scripts/postinstall

npm notice created a lockfile as package-lock.json. You should commit this file.
added 358 packages from 264 contributors and audited 358 packages in 247.326s

33 packages are looking for funding
  run `npm fund` for details

found 0 vulnerabilities


i  Writing configuration info to firebase.json...
i  Writing project information to .firebaserc...
i  Writing gitignore file to .gitignore...

+  Firebase initialization complete!


E:\Code\firebasecli\firebase-cloud-functions\node-pritam>cd functions

E:\Code\firebasecli\firebase-cloud-functions\node-pritam\functions>npm i express cors
+ cors@2.8.5
+ express@4.17.1
updated 2 packages and audited 360 packages in 10.231s

33 packages are looking for funding
  run `npm fund` for details

found 0 vulnerabilities


E:\Code\firebasecli\firebase-cloud-functions\node-pritam\functions>cd ..

E:\Code\firebasecli\firebase-cloud-functions\node-pritam>firebase serve

=== Serving from 'E:\Code\firebasecli\firebase-cloud-functions\node-pritam'...

+  functions: Using node@12 from host.
i  functions: Watching "E:\Code\firebasecli\firebase-cloud-functions\node-pritam\functions" for Cloud Functions...
+  functions[helloWorld]: http function initialized (http://localhost:5000/node-pritam/us-central1/helloWorld).
+  functions[api2]: http function initialized (http://localhost:5000/node-pritam/us-central1/api2).
i  functions: Beginning execution of "helloWorld"
>  {"structuredData":true,"severity":"INFO","message":"Hello logs!"}
i  functions: Finished "helloWorld" in ~1s
i  functions: Beginning execution of "api2"
i  functions: Finished "api2" in ~1s
i  functions: Beginning execution of "api2"
i  functions: Finished "api2" in ~1s
Shutting down...
i  functions: Stopping Functions Emulator
Terminate batch job (Y/N)? y

E:\Code\firebasecli\firebase-cloud-functions\node-pritam>firebase deploy

=== Deploying to 'node-pritam'...

i  deploying functions
Running command: npm --prefix "$RESOURCE_DIR" run lint

> functions@ lint E:\Code\firebasecli\firebase-cloud-functions\node-pritam\functions
> eslint .

+  functions: Finished running predeploy script.
i  functions: ensuring required API cloudfunctions.googleapis.com is enabled...
i  functions: ensuring required API cloudbuild.googleapis.com is enabled...
!  functions: missing required API cloudbuild.googleapis.com. Enabling now...
+  functions: required API cloudfunctions.googleapis.com is enabled

Error: Cloud Functions deployment requires the pay-as-you-go (Blaze) billing plan. To upgrade your project, visit the following URL:

https://console.firebase.google.com/project/node-pritam/usage/details

For additional information about this requirement, see Firebase FAQs:

https://firebase.google.com/support/faq#functions-runtime

E:\Code\firebasecli\firebase-cloud-functions\myCloudFunction\functions>npm run deploy

> functions@ deploy E:\Code\firebasecli\firebase-cloud-functions\myCloudFunction\functions
> firebase deploy --only functions


=== Deploying to 'node-pritam'...

i  deploying functions
Running command: npm --prefix "$RESOURCE_DIR" run lint

> functions@ lint E:\Code\firebasecli\firebase-cloud-functions\myCloudFunction\functions
> eslint .

+  functions: Finished running predeploy script.
i  functions: ensuring necessary APIs are enabled...
+  functions: all necessary APIs are enabled
i  functions: preparing functions directory for uploading...
i  functions: packaged functions (40.2 KB) for uploading
+  functions: functions folder uploaded successfully
i  functions: creating Node.js 8 function helloWorld(us-central1)...
i  functions: creating Node.js 8 function api2(us-central1)...
+  functions[helloWorld(us-central1)]: Successful create operation.
Function URL (helloWorld): https://us-central1-node-pritam.cloudfunctions.net/helloWorld
+  functions[api2(us-central1)]: Successful create operation.
Function URL (api2): https://us-central1-node-pritam.cloudfunctions.net/api2

+  Deploy complete!

Project Console: https://console.firebase.google.com/project/node-pritam/overview
